Microchip MPLAB XC8 Compiler V2.32

Linker command line:

-W-3 --edf=/Applications/microchip/xc8/v2.32/pic/dat/en_msgs.txt -cn \
  -h+dist/default/production/radical22.X.production.sym \
  --cmf=dist/default/production/radical22.X.production.cmf -z -Q12F1840 \
  -o/tmp/xc1r3PL0l --defsym=__MPLAB_BUILD=1 \
  -Mdist/default/production/radical22.X.production.map -E1 \
  -ver=XC8 Compiler --acfsm=1493 -ASTACK=02031h-020EFh -pstack=STACK \
  -ACODE=00h-07FFhx2 -ASTRCODE=00h-0FFFh -ASTRING=00h-0FFhx16 \
  -ACONST=00h-0FFhx16 -AENTRY=00h-0FFhx16 -ACOMMON=070h-07Fh \
  -ABANK0=020h-06Fh -ABANK1=0A0h-0EFh -ABANK2=0120h-016Fh \
  -ABIGRAM=02000h-020EFh -ARAM=020h-06Fh,0A0h-0EFh,0120h-016Fh \
  -AABS1=020h-07Fh,0A0h-0EFh,0120h-016Fh -ASFR0=00h-01Fh -ASFR1=080h-09Fh \
  -ASFR2=0100h-011Fh -ASFR3=0180h-01EFh -ASFR4=0200h-026Fh \
  -ASFR5=0280h-02EFh -ASFR6=0300h-036Fh -ASFR7=0380h-03EFh \
  -ASFR8=0400h-046Fh -ASFR9=0480h-04EFh -ASFR10=0500h-056Fh \
  -ASFR11=0580h-05EFh -ASFR12=0600h-066Fh -ASFR13=0680h-06EFh \
  -ASFR14=0700h-076Fh -ASFR15=0780h-07EFh -ASFR16=0800h-086Fh \
  -ASFR17=0880h-08EFh -ASFR18=0900h-096Fh -ASFR19=0980h-09EFh \
  -ASFR20=0A00h-0A6Fh -ASFR21=0A80h-0AEFh -ASFR22=0B00h-0B6Fh \
  -ASFR23=0B80h-0BEFh -ASFR24=0C00h-0C6Fh -ASFR25=0C80h-0CEFh \
  -ASFR26=0D00h-0D6Fh -ASFR27=0D80h-0DEFh -ASFR28=0E00h-0E6Fh \
  -ASFR29=0E80h-0EEFh -ASFR30=0F00h-0F6Fh -ASFR31=0F80h-0FEFh \
  -ACONFIG=08007h-08008h -DCONFIG=2 -AIDLOC=08000h-08003h -DIDLOC=2 \
  -AEEDATA=00h-0FFh/0F000h -peeprom_data=EEDATA -DEEDATA=2 -DCODE=2 \
  -DSTRCODE=2 -DSTRING=2 -DCONST=2 -DENTRY=2 \
  -preset_vec=00h,intentry=04h,init,end_init -ppowerup=CODE -pcinit=CODE \
  -pfunctab=ENTRY -k /tmp/xcN6XYVeR.o \
  dist/default/production/radical22.X.production.o 

Object code version is 3.11

Machine type is 12F1840



                Name                               Link     Load   Length Selector   Space Scale
/tmp/xcN6XYVeR.o
                end_init                              D        D        2        8       0
                reset_vec                             0        0        2        0       0
                config                             8007     8007        2        0       4
dist/default/production/radical22.X.production.o
                cinit                                 F        F       15        8       0
                intentry                              4        4        9        8       0
                config                             8007     8007        2        0       4
                text7                               6D0      6D0       1D      B78       0
                text6                               66B      66B       26      B78       0
                text5                               5BC      5BC       7B      B78       0
                text4                               6ED      6ED       15      B78       0
                text3                               637      637       34      B78       0
                text2                               6B1      6B1       1F      B78       0
                text1                               691      691       20      B78       0
                maintext                             24       24      398        8       0
                cstackBANK0                          20       20       24       20       1
                cstackCOMMON                         70       70        C       70       1
                bssBANK0                             44       44        9       20       1
                dataCOMMON                           7C       7C        2       70       1
                nvBANK0                              4D       4D        4       20       1
                stringtext2                         4BC      4BC      100      778       0
                stringtext1                         3BC      3BC      100      778       0
                idataCOMMON                         702      702        2      B78       0

TOTAL           Name                               Link     Load   Length     Space
        CLASS   STACK          

        CLASS   CODE           
                end_init                              D        D        2         0
                cinit                                 F        F       15         0
                intentry                              4        4        9         0
                reset_vec                             0        0        2         0
                text7                               6D0      6D0       1D         0
                text6                               66B      66B       26         0
                text5                               5BC      5BC       7B         0
                text4                               6ED      6ED       15         0
                text3                               637      637       34         0
                text2                               6B1      6B1       1F         0
                text1                               691      691       20         0
                maintext                             24       24      398         0
                idataCOMMON                         702      702        2         0

        CLASS   STRCODE        
                stringtext2                         4BC      4BC      100         0
                stringtext1                         3BC      3BC      100         0

        CLASS   STRING         

        CLASS   CONST          

        CLASS   ENTRY          

        CLASS   COMMON         
                cstackCOMMON                         70       70        C         1
                dataCOMMON                           7C       7C        2         1

        CLASS   BANK0          
                cstackBANK0                          20       20       24         1
                bssBANK0                             44       44        9         1
                nvBANK0                              4D       4D        4         1

        CLASS   BANK1          

        CLASS   BANK2          

        CLASS   BIGRAM         

        CLASS   RAM            

        CLASS   ABS1           
                abs_s1                               7E       7E        2         1

        CLASS   SFR0           

        CLASS   SFR1           

        CLASS   SFR2           

        CLASS   SFR3           

        CLASS   SFR4           

        CLASS   SFR5           

        CLASS   SFR6           

        CLASS   SFR7           

        CLASS   SFR8           

        CLASS   SFR9           

        CLASS   SFR10          

        CLASS   SFR11          

        CLASS   SFR12          

        CLASS   SFR13          

        CLASS   SFR14          

        CLASS   SFR15          

        CLASS   SFR16          

        CLASS   SFR17          

        CLASS   SFR18          

        CLASS   SFR19          

        CLASS   SFR20          

        CLASS   SFR21          

        CLASS   SFR22          

        CLASS   SFR23          

        CLASS   SFR24          

        CLASS   SFR25          

        CLASS   SFR26          

        CLASS   SFR27          

        CLASS   SFR28          

        CLASS   SFR29          

        CLASS   SFR30          

        CLASS   SFR31          

        CLASS   CONFIG         
                config                             8007     8007        2         4

        CLASS   IDLOC          

        CLASS   EEDATA         

        CLASS   BANK31         

        CLASS   BANK30         

        CLASS   BANK29         

        CLASS   BANK28         

        CLASS   BANK27         

        CLASS   BANK26         

        CLASS   BANK25         

        CLASS   BANK24         

        CLASS   BANK23         

        CLASS   BANK22         

        CLASS   BANK21         

        CLASS   BANK20         

        CLASS   BANK19         

        CLASS   BANK18         

        CLASS   BANK17         

        CLASS   BANK16         

        CLASS   BANK15         

        CLASS   BANK14         

        CLASS   BANK13         

        CLASS   BANK12         

        CLASS   BANK11         

        CLASS   BANK10         

        CLASS   BANK9          

        CLASS   BANK8          

        CLASS   BANK7          

        CLASS   BANK6          

        CLASS   BANK5          

        CLASS   BANK4          

        CLASS   BANK3          



SEGMENTS        Name                           Load    Length   Top    Selector   Space  Class     Delta

                reset_vec                      000000  000002  000002         0       0  CODE        2
                text5                          0005BC  000148  000704       B78       0  CODE        2
                stringtext1                    0003BC  000200  0005BC       778       0  STRCODE     2
                cstackCOMMON                   000070  00000E  00007E        70       1  COMMON      1
                intentry                       000004  0003B8  0003BC         8       0  CODE        2
                cstackBANK0                    000020  000031  000051        20       1  BANK0       1


UNUSED ADDRESS RANGES

        Name                Unused          Largest block    Delta
        BANK0            00051-0006F              1F           1
        BANK1            000A0-000EF              50           1
        BANK2            00120-0016F              50           1
        BIGRAM           02000-020EF              F0           1
        CODE             00002-00003               2           2
                         00704-00FFF              FC
        CONST            00002-00003               2           2
                         00704-00FFF             100
        EEDATA           0F000-0F0FF             100           2
        ENTRY            00002-00003               2           2
                         00704-00FFF             100
        IDLOC            08000-08003               4           2
        RAM              00051-0006F              1F           1
                         000A0-000EF              50
                         00120-0016F              50
        SFR0             00000-0001F              20           1
        SFR1             00080-0009F              20           1
        SFR10            00500-0056F              70           1
        SFR11            00580-005EF              70           1
        SFR12            00600-0066F              70           1
        SFR13            00680-006EF              70           1
        SFR14            00700-0076F              70           1
        SFR15            00780-007EF              70           1
        SFR16            00800-0086F              70           1
        SFR17            00880-008EF              70           1
        SFR18            00900-0096F              70           1
        SFR19            00980-009EF              70           1
        SFR2             00100-0011F              20           1
        SFR20            00A00-00A6F              70           1
        SFR21            00A80-00AEF              70           1
        SFR22            00B00-00B6F              70           1
        SFR23            00B80-00BEF              70           1
        SFR24            00C00-00C6F              70           1
        SFR25            00C80-00CEF              70           1
        SFR26            00D00-00D6F              70           1
        SFR27            00D80-00DEF              70           1
        SFR28            00E00-00E6F              70           1
        SFR29            00E80-00EEF              70           1
        SFR3             00180-001EF              70           1
        SFR30            00F00-00F6F              70           1
        SFR31            00F80-00FEF              70           1
        SFR4             00200-0026F              70           1
        SFR5             00280-002EF              70           1
        SFR6             00300-0036F              70           1
        SFR7             00380-003EF              70           1
        SFR8             00400-0046F              70           1
        SFR9             00480-004EF              70           1
        STACK            02031-020EF              BF           1
        STRCODE          00002-00003               2           2
                         00704-00FFF             8FC
        STRING           00002-00003               2           2
                         00704-00FFF             100

                                  Symbol Table

?___almod                cstackCOMMON 00070
?___lmul                 cstackBANK0  00020
?___wmul                 cstackCOMMON 00076
?_readADC                cstackCOMMON 00070
_ADCON0                  (abs)        0009D
_ADCON0bits              (abs)        0009D
_ADCON1                  (abs)        0009E
_ADCON1bits              (abs)        0009E
_ADCPhaseShift           text7        006D0
_ADRES                   (abs)        0009B
_ADRESH                  (abs)        0009C
_ADRESL                  (abs)        0009B
_ANSELA                  (abs)        0018C
_APFCONbits              (abs)        0011D
_CCP1CON                 (abs)        00293
_CCPR1L                  (abs)        00291
_INTCON                  (abs)        0000B
_INTCONbits              (abs)        0000B
_ISR                     intentry     00004
_Init_Main               text6        0066B
_OPTION_REG              (abs)        00095
_OSCCON                  (abs)        00099
_PIR1bits                (abs)        00011
_PORTAbits               (abs)        0000C
_PR2                     (abs)        0001B
_PhaseAccum              bssBANK0     00044
_PhaseShift              nvBANK0      0004D
_T2CON                   (abs)        0001C
_TRISA                   (abs)        0008C
__Habs1                  abs1         00000
__Hbank0                 bank0        00000
__Hbank1                 bank1        00000
__Hbank10                bank10       00000
__Hbank11                bank11       00000
__Hbank12                bank12       00000
__Hbank13                bank13       00000
__Hbank14                bank14       00000
__Hbank15                bank15       00000
__Hbank16                bank16       00000
__Hbank17                bank17       00000
__Hbank18                bank18       00000
__Hbank19                bank19       00000
__Hbank2                 bank2        00000
__Hbank20                bank20       00000
__Hbank21                bank21       00000
__Hbank22                bank22       00000
__Hbank23                bank23       00000
__Hbank24                bank24       00000
__Hbank25                bank25       00000
__Hbank26                bank26       00000
__Hbank27                bank27       00000
__Hbank28                bank28       00000
__Hbank29                bank29       00000
__Hbank3                 bank3        00000
__Hbank30                bank30       00000
__Hbank31                bank31       00000
__Hbank4                 bank4        00000
__Hbank5                 bank5        00000
__Hbank6                 bank6        00000
__Hbank7                 bank7        00000
__Hbank8                 bank8        00000
__Hbank9                 bank9        00000
__Hbigram                bigram       00000
__HbssBANK0              bssBANK0     00000
__Hcinit                 cinit        00024
__Hclrtext               clrtext      00000
__Hcode                  code         00000
__Hcommon                common       00000
__Hconfig                config       08009
__HcstackBANK0           cstackBANK0  00000
__HcstackCOMMON          cstackCOMMON 00000
__HdataCOMMON            dataCOMMON   00000
__Heeprom_data           eeprom_data  00000
__Hend_init              end_init     0000F
__Hfunctab               functab      00000
__HidataCOMMON           idataCOMMON  00000
__Hinit                  init         0000D
__Hintentry              intentry     0000D
__Hmaintext              maintext     00000
__HnvBANK0               nvBANK0      00000
__Hpowerup               powerup      00000
__Hram                   ram          00000
__Hreset_vec             reset_vec    00002
__Hsfr0                  sfr0         00000
__Hsfr1                  sfr1         00000
__Hsfr10                 sfr10        00000
__Hsfr11                 sfr11        00000
__Hsfr12                 sfr12        00000
__Hsfr13                 sfr13        00000
__Hsfr14                 sfr14        00000
__Hsfr15                 sfr15        00000
__Hsfr16                 sfr16        00000
__Hsfr17                 sfr17        00000
__Hsfr18                 sfr18        00000
__Hsfr19                 sfr19        00000
__Hsfr2                  sfr2         00000
__Hsfr20                 sfr20        00000
__Hsfr21                 sfr21        00000
__Hsfr22                 sfr22        00000
__Hsfr23                 sfr23        00000
__Hsfr24                 sfr24        00000
__Hsfr25                 sfr25        00000
__Hsfr26                 sfr26        00000
__Hsfr27                 sfr27        00000
__Hsfr28                 sfr28        00000
__Hsfr29                 sfr29        00000
__Hsfr3                  sfr3         00000
__Hsfr30                 sfr30        00000
__Hsfr31                 sfr31        00000
__Hsfr4                  sfr4         00000
__Hsfr5                  sfr5         00000
__Hsfr6                  sfr6         00000
__Hsfr7                  sfr7         00000
__Hsfr8                  sfr8         00000
__Hsfr9                  sfr9         00000
__Hspace_0               (abs)        00704
__Hspace_1               (abs)        0007E
__Hspace_2               (abs)        00000
__Hspace_3               (abs)        00000
__Hspace_4               (abs)        10010
__Hstack                 stack        00000
__Hstrings               strings      00000
__Hstringtext1           stringtext1  00000
__Hstringtext2           stringtext2  00000
__Htext                  text         00000
__Labs1                  abs1         00000
__Lbank0                 bank0        00000
__Lbank1                 bank1        00000
__Lbank10                bank10       00000
__Lbank11                bank11       00000
__Lbank12                bank12       00000
__Lbank13                bank13       00000
__Lbank14                bank14       00000
__Lbank15                bank15       00000
__Lbank16                bank16       00000
__Lbank17                bank17       00000
__Lbank18                bank18       00000
__Lbank19                bank19       00000
__Lbank2                 bank2        00000
__Lbank20                bank20       00000
__Lbank21                bank21       00000
__Lbank22                bank22       00000
__Lbank23                bank23       00000
__Lbank24                bank24       00000
__Lbank25                bank25       00000
__Lbank26                bank26       00000
__Lbank27                bank27       00000
__Lbank28                bank28       00000
__Lbank29                bank29       00000
__Lbank3                 bank3        00000
__Lbank30                bank30       00000
__Lbank31                bank31       00000
__Lbank4                 bank4        00000
__Lbank5                 bank5        00000
__Lbank6                 bank6        00000
__Lbank7                 bank7        00000
__Lbank8                 bank8        00000
__Lbank9                 bank9        00000
__Lbigram                bigram       00000
__LbssBANK0              bssBANK0     00000
__Lcinit                 cinit        0000F
__Lclrtext               clrtext      00000
__Lcode                  code         00000
__Lcommon                common       00000
__Lconfig                config       00000
__LcstackBANK0           cstackBANK0  00000
__LcstackCOMMON          cstackCOMMON 00000
__LdataCOMMON            dataCOMMON   00000
__Leeprom_data           eeprom_data  00000
__Lend_init              end_init     0000D
__Lfunctab               functab      00000
__LidataCOMMON           idataCOMMON  00000
__Linit                  init         0000D
__Lintentry              intentry     00004
__Lmaintext              maintext     00000
__LnvBANK0               nvBANK0      00000
__Lpowerup               powerup      00000
__Lram                   ram          00000
__Lreset_vec             reset_vec    00000
__Lsfr0                  sfr0         00000
__Lsfr1                  sfr1         00000
__Lsfr10                 sfr10        00000
__Lsfr11                 sfr11        00000
__Lsfr12                 sfr12        00000
__Lsfr13                 sfr13        00000
__Lsfr14                 sfr14        00000
__Lsfr15                 sfr15        00000
__Lsfr16                 sfr16        00000
__Lsfr17                 sfr17        00000
__Lsfr18                 sfr18        00000
__Lsfr19                 sfr19        00000
__Lsfr2                  sfr2         00000
__Lsfr20                 sfr20        00000
__Lsfr21                 sfr21        00000
__Lsfr22                 sfr22        00000
__Lsfr23                 sfr23        00000
__Lsfr24                 sfr24        00000
__Lsfr25                 sfr25        00000
__Lsfr26                 sfr26        00000
__Lsfr27                 sfr27        00000
__Lsfr28                 sfr28        00000
__Lsfr29                 sfr29        00000
__Lsfr3                  sfr3         00000
__Lsfr30                 sfr30        00000
__Lsfr31                 sfr31        00000
__Lsfr4                  sfr4         00000
__Lsfr5                  sfr5         00000
__Lsfr6                  sfr6         00000
__Lsfr7                  sfr7         00000
__Lsfr8                  sfr8         00000
__Lsfr9                  sfr9         00000
__Lspace_0               (abs)        00000
__Lspace_1               (abs)        00000
__Lspace_2               (abs)        00000
__Lspace_3               (abs)        00000
__Lspace_4               (abs)        00000
__Lstack                 stack        00000
__Lstrings               strings      00000
__Lstringtext1           stringtext1  00000
__Lstringtext2           stringtext2  00000
__Ltext                  text         00000
__S0                     (abs)        00704
__S1                     (abs)        0007E
__S2                     (abs)        00000
__S3                     (abs)        00000
___almod                 text5        005BC
___almod@counter         cstackCOMMON 00079
___almod@dividend        cstackCOMMON 00074
___almod@divisor         cstackCOMMON 00070
___almod@sign            cstackCOMMON 0007A
___bmul                  text4        006ED
___bmul@multiplicand     cstackCOMMON 00076
___bmul@multiplier       cstackCOMMON 00079
___bmul@product          cstackCOMMON 00078
___int_sp                stack        00000
___latbits               (abs)        00001
___lmul                  text3        00637
___lmul@multiplicand     cstackBANK0  00024
___lmul@multiplier       cstackBANK0  00020
___lmul@product          cstackBANK0  00028
___sp                    stack        00000
___stackhi               (abs)        020EF
___stacklo               (abs)        02031
___wmul                  text2        006B1
___wmul@multiplicand     cstackCOMMON 00078
___wmul@multiplier       cstackCOMMON 00076
___wmul@product          cstackCOMMON 0007A
__end_of_ADCPhaseShift   text7        006ED
__end_of_ISR             intentry     0000D
__end_of_Init_Main       text6        00691
__end_of___almod         text5        00637
__end_of___bmul          text4        00702
__end_of___lmul          text3        0066B
__end_of___wmul          text2        006D0
__end_of__initialization cinit        00020
__end_of_main            maintext     003BC
__end_of_myarray         stringtext1  004BC
__end_of_readADC         text1        006B1
__end_of_sine            stringtext2  005BC
__initialization         cinit        0000F
__pbssBANK0              bssBANK0     00044
__pcstackBANK0           cstackBANK0  00020
__pcstackCOMMON          cstackCOMMON 00070
__pdataCOMMON            dataCOMMON   0007C
__pidataCOMMON           idataCOMMON  00702
__pintentry              intentry     00004
__pmaintext              maintext     00024
__pnvBANK0               nvBANK0      0004D
__pstringtext1           stringtext1  003BC
__pstringtext2           stringtext2  004BC
__ptext1                 text1        00691
__ptext2                 text2        006B1
__ptext3                 text3        00637
__ptext4                 text4        006ED
__ptext5                 text5        005BC
__ptext6                 text6        0066B
__ptext7                 text7        006D0
__size_of_ADCPhaseShift  (abs)        00000
__size_of_ISR            (abs)        00000
__size_of_Init_Main      (abs)        00000
__size_of___almod        (abs)        00000
__size_of___bmul         (abs)        00000
__size_of___lmul         (abs)        00000
__size_of___wmul         (abs)        00000
__size_of_main           (abs)        00000
__size_of_readADC        (abs)        00000
_main                    maintext     00024
_main$895                cstackBANK0  0003C
_myarray                 stringtext1  003BC
_readADC                 text1        00691
_sine                    stringtext2  004BC
_step                    bssBANK0     0004C
_step2                   bssBANK0     0004A
_step3                   bssBANK0     00049
_step4                   bssBANK0     00048
btemp                    (abs)        0007E
end_of_initialization    cinit        00020
int$flags                (abs)        0007E
intlevel0                functab      00000
intlevel1                functab      00000
intlevel2                functab      00000
intlevel3                functab      00000
intlevel4                functab      00000
intlevel5                functab      00000
main@ctr                 cstackBANK0  00042
main@ctr2                cstackBANK0  00040
readADC@AN_Val           cstackCOMMON 00073
readADC@channel          cstackCOMMON 00075
reset_vec                reset_vec    00000
start                    init         0000D
start_initialization     cinit        0000F
wtemp0                   (abs)        0007E


MODULE INFORMATION

Module		Function		Class		Link	Load	Size
/Applications/microchip/xc8/v2.32/pic/sources/c99/common/almod.c
		___almod       		CODE           	05BC	0000	123

/Applications/microchip/xc8/v2.32/pic/sources/c99/common/almod.c estimated size: 123

/Applications/microchip/xc8/v2.32/pic/sources/c99/common/Umul16.c
		___wmul        		CODE           	06B1	0000	31

/Applications/microchip/xc8/v2.32/pic/sources/c99/common/Umul16.c estimated size: 31

shared
		_myarray       		STRCODE        	03BC	0000	256
		__initialization		CODE           	000F	0000	17
		_sine          		STRCODE        	04BC	0000	256

shared estimated size: 529

/Applications/microchip/xc8/v2.32/pic/sources/c99/common/Umul32.c
		___lmul        		CODE           	0637	0000	52

/Applications/microchip/xc8/v2.32/pic/sources/c99/common/Umul32.c estimated size: 52

/Applications/microchip/xc8/v2.32/pic/sources/c99/common/Umul8.c
		___bmul        		CODE           	06ED	0000	21

/Applications/microchip/xc8/v2.32/pic/sources/c99/common/Umul8.c estimated size: 21

main.c
		_ISR           		CODE           	0004	0000	9
		_Init_Main     		CODE           	066B	0000	38
		_main          		CODE           	0024	0000	920
		_ADCPhaseShift 		CODE           	06D0	0000	29
		_readADC       		CODE           	0691	0000	32

main.c estimated size: 1028

